  $ ../../../../../install/default/bin/stanc --filename-in-msg=foo.stan --include-paths=.  filename_error.stan
Semantic error in 'foo.stan', line 3, column 17 to column 18:
   -------------------------------------------------
     1:  transformed data {
     2:      real p;
     3:      real q = p + a;
                          ^
     4:  }
   -------------------------------------------------

Identifier 'a' not in scope.
  $ ../../../../../install/default/bin/stanc --filename-in-msg=foo.stan --include-paths=.  filename_syntax_error.stan
Syntax error in 'foo.stan', line 2, column 4 to column 5, parsing error:
   -------------------------------------------------
     1:  model {
     2:  rea x = 3;
             ^
   -------------------------------------------------

Ill-formed statement or expression. A statement or expression could be expected here.
  $ ../../../../../install/default/bin/stanc --filename-in-msg=foo.stan --include-paths=.  includes.stan
Syntax error in './filename_syntax_error.stan', line 2, column 4, included from
'foo.stan', line 6, column 0, parsing error:
   -------------------------------------------------
     1:  model {
     2:  rea x = 3;
             ^
   -------------------------------------------------

Ill-formed statement or expression. A statement or expression could be expected here.
