  $ ../../../../../../install/default/bin/stanc --auto-format GLM0.stan
data {
  int<lower=0> nobs;
  int<lower=0> nmis;
  int<lower=0> nyear;
  int<lower=0> nsite;
  array[nobs] int<lower=0> obs;
  array[nobs] int<lower=0> obsyear;
  array[nobs] int<lower=0> obssite;
  array[nmis] int<lower=0> misyear;
  array[nmis] int<lower=0> missite;
}
parameters {
  real alpha;
}
transformed parameters {
  matrix[nyear, nsite] log_lambda;
  log_lambda = rep_matrix(alpha, nyear, nsite);
}
model {
  alpha ~ normal(0, 10);
  for (i in 1 : nobs) 
    obs[i] ~ poisson_log(log_lambda[obsyear[i], obssite[i]]);
}
generated quantities {
  array[nmis] int<lower=0> mis;
  for (i in 1 : nmis) 
    mis[i] = poisson_log_rng(log_lambda[misyear[i], missite[i]]);
}

  $ ../../../../../../install/default/bin/stanc --auto-format GLM1.stan
data {
  int<lower=0> nobs;
  int<lower=0> nmis;
  int<lower=0> nyear;
  int<lower=0> nsite;
  array[nobs] int<lower=0> obs;
  array[nobs] int<lower=0> obsyear;
  array[nobs] int<lower=0> obssite;
  array[nmis] int<lower=0> misyear;
  array[nmis] int<lower=0> missite;
}
parameters {
  vector[nsite] alpha;
}
transformed parameters {
  matrix[nyear, nsite] log_lambda;
  log_lambda = rep_matrix(alpha', nyear);
}
model {
  alpha ~ normal(0, 10);
  for (i in 1 : nobs) 
    obs[i] ~ poisson_log(log_lambda[obsyear[i], obssite[i]]);
}
generated quantities {
  array[nmis] int<lower=0> mis;
  for (i in 1 : nmis) 
    mis[i] = poisson_log_rng(log_lambda[misyear[i], missite[i]]);
}

  $ ../../../../../../install/default/bin/stanc --auto-format GLM2.stan
data {
  int<lower=0> nobs;
  int<lower=0> nmis;
  int<lower=0> nyear;
  int<lower=0> nsite;
  array[nobs] int<lower=0> obs;
  array[nobs] int<lower=0> obsyear;
  array[nobs] int<lower=0> obssite;
  array[nmis] int<lower=0> misyear;
  array[nmis] int<lower=0> missite;
}
parameters {
  vector[nsite] alpha;
  vector[nyear - 1] eps2;
}
transformed parameters {
  vector[nyear] eps;
  matrix[nyear, nsite] log_lambda;
  eps[1] = 0;
  eps[2 : nyear] = eps2[1 : nyear - 1];
  log_lambda = rep_matrix(alpha', nyear) + rep_matrix(eps, nsite);
}
model {
  alpha ~ normal(0, 10);
  eps2 ~ normal(0, 10);
  for (i in 1 : nobs) 
    obs[i] ~ poisson_log(log_lambda[obsyear[i], obssite[i]]);
}
generated quantities {
  array[nmis] int<lower=0> mis;
  for (i in 1 : nmis) 
    mis[i] = poisson_log_rng(log_lambda[misyear[i], missite[i]]);
}

  $ ../../../../../../install/default/bin/stanc --auto-format GLMM1.stan
data {
  int<lower=0> nobs;
  int<lower=0> nmis;
  int<lower=0> nyear;
  int<lower=0> nsite;
  array[nobs] int<lower=0> obs;
  array[nobs] int<lower=0> obsyear;
  array[nobs] int<lower=0> obssite;
  array[nmis] int<lower=0> misyear;
  array[nmis] int<lower=0> missite;
}
parameters {
  vector[nsite] alpha;
  real mu_alpha;
  real<lower=0, upper=5> sd_alpha;
}
transformed parameters {
  matrix[nyear, nsite] log_lambda;
  log_lambda = rep_matrix(alpha', nyear);
}
model {
  alpha ~ normal(mu_alpha, sd_alpha);
  mu_alpha ~ normal(0, 10);
  for (i in 1 : nobs) 
    obs[i] ~ poisson_log(log_lambda[obsyear[i], obssite[i]]);
}
generated quantities {
  array[nmis] int<lower=0> mis;
  for (i in 1 : nmis) 
    mis[i] = poisson_log_rng(log_lambda[misyear[i], missite[i]]);
}

  $ ../../../../../../install/default/bin/stanc --auto-format GLMM2.stan
data {
  int<lower=0> nobs;
  int<lower=0> nmis;
  int<lower=0> nyear;
  int<lower=0> nsite;
  array[nobs] int<lower=0> obs;
  array[nobs] int<lower=0> obsyear;
  array[nobs] int<lower=0> obssite;
  array[nmis] int<lower=0> misyear;
  array[nmis] int<lower=0> missite;
}
parameters {
  real mu;
  vector[nsite] alpha;
  real<lower=0, upper=5> sd_alpha;
  vector[nyear] eps;
  real<lower=0, upper=3> sd_eps;
}
transformed parameters {
  matrix[nyear, nsite] log_lambda;
  log_lambda = mu + rep_matrix(alpha', nyear) + rep_matrix(eps, nsite);
}
model {
  mu ~ normal(0, 10);
  alpha ~ normal(0, sd_alpha);
  eps ~ normal(0, sd_eps);
  for (i in 1 : nobs) 
    obs[i] ~ poisson_log(log_lambda[obsyear[i], obssite[i]]);
}
generated quantities {
  array[nmis] int<lower=0> mis;
  for (i in 1 : nmis) 
    mis[i] = poisson_log_rng(log_lambda[misyear[i], missite[i]]);
}

  $ ../../../../../../install/default/bin/stanc --auto-format GLMM3.stan
data {
  int<lower=0> nobs;
  int<lower=0> nmis;
  int<lower=0> nyear;
  int<lower=0> nsite;
  array[nobs] int<lower=0> obs;
  array[nobs] int<lower=0> obsyear;
  array[nobs] int<lower=0> obssite;
  array[nmis] int<lower=0> misyear;
  array[nmis] int<lower=0> missite;
  array[nyear, nsite] int<lower=0, upper=1> first;
}
parameters {
  real mu;
  vector[nsite] alpha;
  real<lower=0, upper=5> sd_alpha;
  real beta2;
  vector[nyear] eps;
  real<lower=0, upper=5> sd_eps;
}
transformed parameters {
  matrix[nyear, nsite] log_lambda;
  for (j in 1 : nsite) 
    for (i in 1 : nyear) 
      log_lambda[i, j] = mu + beta2 * first[i, j] + alpha[j] + eps[i];
}
model {
  mu ~ normal(0, 10);
  beta2 ~ normal(0, 10);
  alpha ~ normal(0, sd_alpha);
  eps ~ normal(0, sd_eps);
  for (i in 1 : nobs) 
    obs[i] ~ poisson_log(log_lambda[obsyear[i], obssite[i]]);
}
generated quantities {
  array[nmis] int<lower=0> mis;
  for (i in 1 : nmis) 
    mis[i] = poisson_log_rng(log_lambda[misyear[i], missite[i]]);
}

  $ ../../../../../../install/default/bin/stanc --auto-format GLMM4.stan
data {
  int<lower=0> nobs;
  int<lower=0> nmis;
  int<lower=0> nyear;
  int<lower=0> nsite;
  array[nobs] int<lower=0> obs;
  array[nobs] int<lower=0> obsyear;
  array[nobs] int<lower=0> obssite;
  array[nmis] int<lower=0> misyear;
  array[nmis] int<lower=0> missite;
  array[nyear, nsite] int<lower=0, upper=1> first;
  array[nyear] real year;
}
parameters {
  real mu;
  real beta1;
  real beta2;
  vector[nsite] alpha;
  real<lower=0, upper=5> sd_alpha;
  vector[nyear] eps;
  real<lower=0, upper=5> sd_eps;
}
transformed parameters {
  matrix[nyear, nsite] log_lambda;
  for (j in 1 : nsite) 
    for (i in 1 : nyear) 
      log_lambda[i, j] = mu + beta1 * year[i] + beta2 * first[i, j]
                         + alpha[j] + eps[i];
}
model {
  mu ~ normal(0, 10);
  beta1 ~ normal(0, 10);
  beta2 ~ normal(0, 10);
  alpha ~ normal(0, sd_alpha);
  eps ~ normal(0, sd_eps);
  for (i in 1 : nobs) 
    obs[i] ~ poisson_log(log_lambda[obsyear[i], obssite[i]]);
}
generated quantities {
  array[nmis] int<lower=0> mis;
  for (i in 1 : nmis) 
    mis[i] = poisson_log_rng(log_lambda[misyear[i], missite[i]]);
}

  $ ../../../../../../install/default/bin/stanc --auto-format GLMM5.stan
data {
  int<lower=0> nobs;
  int<lower=0> nmis;
  int<lower=0> nyear;
  int<lower=0> nsite;
  array[nobs] int<lower=0> obs;
  array[nobs] int<lower=0> obsyear;
  array[nobs] int<lower=0> obssite;
  array[nmis] int<lower=0> misyear;
  array[nmis] int<lower=0> missite;
  array[nyear, nsite] int<lower=0, upper=1> first;
  array[nyear] real year;
  array[nyear, nsite] int<lower=0> newobs;
  int<lower=0> nnewobs;
}
parameters {
  real mu;
  real beta1;
  real beta2;
  vector[nsite] alpha;
  real<lower=0, upper=3> sd_alpha;
  vector[nyear] eps;
  real<lower=0, upper=1> sd_eps;
  vector[nnewobs] gamma;
  real<lower=0, upper=1> sd_gamma;
}
transformed parameters {
  matrix[nyear, nsite] log_lambda;
  for (j in 1 : nsite) 
    for (i in 1 : nyear) 
      log_lambda[i, j] = mu + beta1 * year[i] + beta2 * first[i, j]
                         + alpha[j] + gamma[newobs[i, j]] + eps[i];
}
model {
  mu ~ normal(0, 10);
  beta1 ~ normal(0, 10);
  beta2 ~ normal(0, 10);
  alpha ~ normal(0, sd_alpha);
  eps ~ normal(0, sd_eps);
  gamma ~ normal(0, sd_gamma);
  for (i in 1 : nobs) 
    obs[i] ~ poisson_log(log_lambda[obsyear[i], obssite[i]]);
}
generated quantities {
  array[nmis] int<lower=0> mis;
  for (i in 1 : nmis) 
    mis[i] = poisson_log_rng(log_lambda[misyear[i], missite[i]]);
}

  $ ../../../../../../install/default/bin/stanc --auto-format GLMM_Poisson.stan
data {
  int<lower=0> n;
  array[n] int<lower=0> C;
  vector[n] year;
}
transformed data {
  vector[n] year_squared;
  vector[n] year_cubed;
  year_squared = year .* year;
  year_cubed = year .* year .* year;
}
parameters {
  real<lower=-20, upper=20> alpha;
  real<lower=-10, upper=10> beta1;
  real<lower=-10, upper=20> beta2;
  real<lower=-10, upper=10> beta3;
  vector[n] eps;
  real<lower=0, upper=5> sigma;
}
transformed parameters {
  vector[n] log_lambda;
  log_lambda = alpha + beta1 * year + beta2 * year_squared
               + beta3 * year_cubed + eps;
}
model {
  alpha ~ uniform(-20, 20);
  beta1 ~ uniform(-10, 10);
  beta2 ~ uniform(-10, 10);
  beta3 ~ uniform(-10, 10);
  sigma ~ uniform(0, 5);
  C ~ poisson_log(log_lambda);
  eps ~ normal(0, sigma);
}
generated quantities {
  vector<lower=0>[n] lambda;
  lambda = exp(log_lambda);
}

  $ ../../../../../../install/default/bin/stanc --auto-format GLMM_Poisson2.stan
data {
  int<lower=0> nsite;
  int<lower=0> nyear;
  array[nyear, nsite] int<lower=0> C;
  vector[nyear] year;
}
transformed data {
  vector[nyear] year_squared;
  vector[nyear] year_cubed;
  year_squared = year .* year;
  year_cubed = year .* year .* year;
}
parameters {
  real mu;
  vector[nsite] alpha;
  array[nyear] real eps;
  array[3] real beta;
  real<lower=0, upper=2> sd_alpha;
  real<lower=0, upper=1> sd_year;
}
transformed parameters {
  array[nyear] vector[nsite] log_lambda;
  for (i in 1 : nyear) 
    log_lambda[i] = alpha + beta[1] * year[i] + beta[2] * year_squared[i]
                    + beta[3] * year_cubed[i] + eps[i];
}
model {
  alpha ~ normal(mu, sd_alpha);
  mu ~ normal(0, 10);
  beta ~ normal(0, 10);
  eps ~ normal(0, sd_year);
  for (i in 1 : nyear) {
    C[i] ~ poisson_log(log_lambda[i]);
  }
}

