  $ ../../../../../../install/default/bin/stanc --auto-format eight_schools.stan
data {
  int<lower=0> J;
  array[J] real y;
  array[J] real<lower=0> sigma;
}
parameters {
  real mu;
  array[J] real theta;
  real<lower=0> tau;
}
model {
  theta ~ normal(mu, tau);
  y ~ normal(theta, sigma);
}

