  $ ../../../../../install/default/bin/stanc falling_factorial.stan

Semantic error in 'falling_factorial.stan', line 7, column 26 to column 59:
   -------------------------------------------------
     5:  transformed data {
     6:    real transformed_data_real;
     7:    transformed_data_real = falling_factorial(d_real, r_real);
                                   ^
     8:  }
     9:  
   -------------------------------------------------

Ill-typed arguments supplied to function 'falling_factorial'. Available signatures: 
(int, int) => int
(real, int) => real
(vector, int) => vector
(vector, int[]) => vector
(row_vector, int) => row_vector
(row_vector, int[]) => row_vector
(matrix, int) => matrix
(matrix, int[,]) => matrix
(int, int[]) => int[]
(int[], int) => int[]
(int[], int[]) => int[]
(real, int[]) => real[]
(real[], int) => real[]
(real[], int[]) => real[]
(vector[], int) => vector[]
(vector[], int[,]) => vector[]
(row_vector[], int) => row_vector[]
(row_vector[], int[,]) => row_vector[]
(matrix[], int) => matrix[]
(matrix[], int[,,]) => matrix[]
(int, int[,]) => int[,]
(int[,], int) => int[,]
(int[,], int[,]) => int[,]
(real, int[,]) => real[,]
(real[,], int) => real[,]
(real[,], int[,]) => real[,]
(vector[,], int) => vector[,]
(vector[,], int[,,]) => vector[,]
(row_vector[,], int) => row_vector[,]
(row_vector[,], int[,,]) => row_vector[,]
(matrix[,], int) => matrix[,]
(matrix[,], int[,,,]) => matrix[,]
(int, int[,,]) => int[,,]
(int[,,], int) => int[,,]
(int[,,], int[,,]) => int[,,]
(real, int[,,]) => real[,,]
(real[,,], int) => real[,,]
(real[,,], int[,,]) => real[,,]
(vector[,,], int) => vector[,,]
(vector[,,], int[,,,]) => vector[,,]
(row_vector[,,], int) => row_vector[,,]
(row_vector[,,], int[,,,]) => row_vector[,,]
(matrix[,,], int) => matrix[,,]
(matrix[,,], int[,,,,]) => matrix[,,]
(int, int[,,,]) => int[,,,]
(int[,,,], int) => int[,,,]
(int[,,,], int[,,,]) => int[,,,]
(real, int[,,,]) => real[,,,]
(real[,,,], int) => real[,,,]
(real[,,,], int[,,,]) => real[,,,]
(vector[,,,], int) => vector[,,,]
(vector[,,,], int[,,,,]) => vector[,,,]
(row_vector[,,,], int) => row_vector[,,,]
(row_vector[,,,], int[,,,,]) => row_vector[,,,]
(matrix[,,,], int) => matrix[,,,]
(matrix[,,,], int[,,,,,]) => matrix[,,,]
(int, int[,,,,]) => int[,,,,]
(int[,,,,], int) => int[,,,,]
(int[,,,,], int[,,,,]) => int[,,,,]
(real, int[,,,,]) => real[,,,,]
(real[,,,,], int) => real[,,,,]
(real[,,,,], int[,,,,]) => real[,,,,]
(vector[,,,,], int) => vector[,,,,]
(vector[,,,,], int[,,,,,]) => vector[,,,,]
(row_vector[,,,,], int) => row_vector[,,,,]
(row_vector[,,,,], int[,,,,,]) => row_vector[,,,,]
(matrix[,,,,], int) => matrix[,,,,]
(matrix[,,,,], int[,,,,,,]) => matrix[,,,,]
(int, int[,,,,,]) => int[,,,,,]
(int[,,,,,], int) => int[,,,,,]
(int[,,,,,], int[,,,,,]) => int[,,,,,]
(real, int[,,,,,]) => real[,,,,,]
(real[,,,,,], int) => real[,,,,,]
(real[,,,,,], int[,,,,,]) => real[,,,,,]
(vector[,,,,,], int) => vector[,,,,,]
(vector[,,,,,], int[,,,,,,]) => vector[,,,,,]
(row_vector[,,,,,], int) => row_vector[,,,,,]
(row_vector[,,,,,], int[,,,,,,]) => row_vector[,,,,,]
(matrix[,,,,,], int) => matrix[,,,,,]
(matrix[,,,,,], int[,,,,,,,]) => matrix[,,,,,]
(int, int[,,,,,,]) => int[,,,,,,]
(int[,,,,,,], int) => int[,,,,,,]
(int[,,,,,,], int[,,,,,,]) => int[,,,,,,]
(real, int[,,,,,,]) => real[,,,,,,]
(real[,,,,,,], int) => real[,,,,,,]
(real[,,,,,,], int[,,,,,,]) => real[,,,,,,]
(vector[,,,,,,], int) => vector[,,,,,,]
(vector[,,,,,,], int[,,,,,,,]) => vector[,,,,,,]
(row_vector[,,,,,,], int) => row_vector[,,,,,,]
(row_vector[,,,,,,], int[,,,,,,,]) => row_vector[,,,,,,]
(matrix[,,,,,,], int) => matrix[,,,,,,]
(matrix[,,,,,,], int[,,,,,,,,]) => matrix[,,,,,,]
(real[,,,,,,,], int) => real[,,,,,,,]
(real[,,,,,,,], int[,,,,,,,]) => real[,,,,,,,]
Instead supplied arguments of incompatible type: real, real.

  $ ../../../../../install/default/bin/stanc rising_factorial.stan

Semantic error in 'rising_factorial.stan', line 7, column 28 to column 60:
   -------------------------------------------------
     5:  transformed parameters {
     6:    real transformed_param_real;
     7:    transformed_param_real =  rising_factorial(d_real, r_real);
                                     ^
     8:  }
   -------------------------------------------------

Ill-typed arguments supplied to function 'rising_factorial'. Available signatures: 
(int, int) => int
(real, int) => real
(vector, int) => vector
(vector, int[]) => vector
(row_vector, int) => row_vector
(row_vector, int[]) => row_vector
(matrix, int) => matrix
(matrix, int[,]) => matrix
(int, int[]) => int[]
(int[], int) => int[]
(int[], int[]) => int[]
(real, int[]) => real[]
(real[], int) => real[]
(real[], int[]) => real[]
(vector[], int) => vector[]
(vector[], int[,]) => vector[]
(row_vector[], int) => row_vector[]
(row_vector[], int[,]) => row_vector[]
(matrix[], int) => matrix[]
(matrix[], int[,,]) => matrix[]
(int, int[,]) => int[,]
(int[,], int) => int[,]
(int[,], int[,]) => int[,]
(real, int[,]) => real[,]
(real[,], int) => real[,]
(real[,], int[,]) => real[,]
(vector[,], int) => vector[,]
(vector[,], int[,,]) => vector[,]
(row_vector[,], int) => row_vector[,]
(row_vector[,], int[,,]) => row_vector[,]
(matrix[,], int) => matrix[,]
(matrix[,], int[,,,]) => matrix[,]
(int, int[,,]) => int[,,]
(int[,,], int) => int[,,]
(int[,,], int[,,]) => int[,,]
(real, int[,,]) => real[,,]
(real[,,], int) => real[,,]
(real[,,], int[,,]) => real[,,]
(vector[,,], int) => vector[,,]
(vector[,,], int[,,,]) => vector[,,]
(row_vector[,,], int) => row_vector[,,]
(row_vector[,,], int[,,,]) => row_vector[,,]
(matrix[,,], int) => matrix[,,]
(matrix[,,], int[,,,,]) => matrix[,,]
(int, int[,,,]) => int[,,,]
(int[,,,], int) => int[,,,]
(int[,,,], int[,,,]) => int[,,,]
(real, int[,,,]) => real[,,,]
(real[,,,], int) => real[,,,]
(real[,,,], int[,,,]) => real[,,,]
(vector[,,,], int) => vector[,,,]
(vector[,,,], int[,,,,]) => vector[,,,]
(row_vector[,,,], int) => row_vector[,,,]
(row_vector[,,,], int[,,,,]) => row_vector[,,,]
(matrix[,,,], int) => matrix[,,,]
(matrix[,,,], int[,,,,,]) => matrix[,,,]
(int, int[,,,,]) => int[,,,,]
(int[,,,,], int) => int[,,,,]
(int[,,,,], int[,,,,]) => int[,,,,]
(real, int[,,,,]) => real[,,,,]
(real[,,,,], int) => real[,,,,]
(real[,,,,], int[,,,,]) => real[,,,,]
(vector[,,,,], int) => vector[,,,,]
(vector[,,,,], int[,,,,,]) => vector[,,,,]
(row_vector[,,,,], int) => row_vector[,,,,]
(row_vector[,,,,], int[,,,,,]) => row_vector[,,,,]
(matrix[,,,,], int) => matrix[,,,,]
(matrix[,,,,], int[,,,,,,]) => matrix[,,,,]
(int, int[,,,,,]) => int[,,,,,]
(int[,,,,,], int) => int[,,,,,]
(int[,,,,,], int[,,,,,]) => int[,,,,,]
(real, int[,,,,,]) => real[,,,,,]
(real[,,,,,], int) => real[,,,,,]
(real[,,,,,], int[,,,,,]) => real[,,,,,]
(vector[,,,,,], int) => vector[,,,,,]
(vector[,,,,,], int[,,,,,,]) => vector[,,,,,]
(row_vector[,,,,,], int) => row_vector[,,,,,]
(row_vector[,,,,,], int[,,,,,,]) => row_vector[,,,,,]
(matrix[,,,,,], int) => matrix[,,,,,]
(matrix[,,,,,], int[,,,,,,,]) => matrix[,,,,,]
(int, int[,,,,,,]) => int[,,,,,,]
(int[,,,,,,], int) => int[,,,,,,]
(int[,,,,,,], int[,,,,,,]) => int[,,,,,,]
(real, int[,,,,,,]) => real[,,,,,,]
(real[,,,,,,], int) => real[,,,,,,]
(real[,,,,,,], int[,,,,,,]) => real[,,,,,,]
(vector[,,,,,,], int) => vector[,,,,,,]
(vector[,,,,,,], int[,,,,,,,]) => vector[,,,,,,]
(row_vector[,,,,,,], int) => row_vector[,,,,,,]
(row_vector[,,,,,,], int[,,,,,,,]) => row_vector[,,,,,,]
(matrix[,,,,,,], int) => matrix[,,,,,,]
(matrix[,,,,,,], int[,,,,,,,,]) => matrix[,,,,,,]
(real[,,,,,,,], int) => real[,,,,,,,]
(real[,,,,,,,], int[,,,,,,,]) => real[,,,,,,,]
Instead supplied arguments of incompatible type: real, real.

