  $ ../../../../../../install/default/bin/stanc --auto-format bernoulli-bandits-conjugate.stan
data {
  int<lower=1> K;
  int<lower=0> N;
  array[N] int<lower=1, upper=K> z;
  array[N] int<lower=0, upper=1> y;
}
transformed data {
  array[K] int<lower=0> successes = rep_array(0, K);
  array[K] int<lower=0> trials = rep_array(0, K);
  for (n in 1 : N) {
    trials[z[n]] += 1;
    successes[z[n]] += y[n];
  }
}
generated quantities {
  simplex[K] is_best;
  vector<lower=0, upper=1>[K] theta;
  for (k in 1 : K) 
    theta[k] = beta_rng(1 + successes[k], 1 + trials[k] - successes[k]);
  {
    real best_prob = max(theta);
    for (k in 1 : K) 
      is_best[k] = (theta[k] >= best_prob);
    is_best /= sum(is_best);
  }
}

  $ ../../../../../../install/default/bin/stanc --auto-format bernoulli-bandits-sufficient.stan
data {
  int<lower=1> K;
  int<lower=0> N;
  array[N] int<lower=1, upper=K> z;
  array[N] int<lower=0, upper=1> y;
}
transformed data {
  array[2] int<lower=0> successes = rep_array(0, K);
  array[2] int<lower=0> trials = rep_array(0, K);
  for (n in 1 : N) {
    trials[z[n]] += 1;
    successes[z[n]] += y[n];
  }
}
parameters {
  vector<lower=0, upper=1>[K] theta;
}
model {
  successes ~ binomial(trials, theta);
}
generated quantities {
  simplex[K] is_best;
  {
    real best_prob = max(theta);
    for (k in 1 : K) 
      is_best[k] = (theta[k] >= best_prob);
    is_best /= sum(is_best);
  }
}

  $ ../../../../../../install/default/bin/stanc --auto-format bernoulli-bandits.stan
data {
  int<lower=1> K;
  int<lower=0> N;
  array[N] int<lower=1, upper=K> z;
  array[N] int<lower=0, upper=1> y;
}
parameters {
  vector<lower=0, upper=1>[K] theta;
}
model {
  y ~ bernoulli(theta[z]);
}
generated quantities {
  simplex[K] is_best;
  {
    real best_prob = max(theta);
    for (k in 1 : K) 
      is_best[k] = (theta[k] >= best_prob);
    is_best /= sum(is_best);
  }
}

