  $ ../../../../../../../install/default/bin/stanc --auto-format dawid-skene.stan
data {
  int<lower=2> K;
  int<lower=1> I;
  int<lower=1> J;
  array[I, J] int<lower=1, upper=K> y;
  vector<lower=0>[K] alpha;
  array[K] vector<lower=0>[K] beta;
}
parameters {
  simplex[K] pi;
  array[J, K] simplex[K] theta;
}
model {
  pi ~ dirichlet(alpha);
  for (j in 1 : J) 
    for (k in 1 : K) 
      theta[j, k] ~ dirichlet(beta[k]);
  for (i in 1 : I) {
    vector[K] log_q = log(pi);
    for (j in 1 : J) 
      log_q += to_vector(log(theta[j,  : , y[i, j]]));
    target += log_sum_exp(log_q);
  }
}
generated quantities {
  array[I] vector[K] log_Pr_z;
  for (i in 1 : I) {
    vector[K] log_q = log(pi);
    for (j in 1 : J) 
      log_q += to_vector(log(theta[j,  : , y[i, j]]));
    log_Pr_z[i] = log_q - log_sum_exp(log_q);
  }
}

